     VMA      LMA     Size Align Out     In      Symbol
       0        0 80200000     1 . = 0x80200000
80200000 80200000       74     2 .text
80200000 80200000        e     2         /tmp/kernel-cd3999.o:(.text.boot)
80200000 80200000        0     1                 
80200000 80200000        0     1                 
80200000 80200000        0     1                 $x.1
80200000 80200000        0     1                 
80200000 80200000        e     1                 boot
8020000e 8020000e        0     1                 
8020000e 8020000e        0     1                 
8020000e 8020000e       66     2         /tmp/kernel-cd3999.o:(.text)
8020000e 8020000e        0     1                 
8020000e 8020000e        0     1                 
8020000e 8020000e        0     1                 $x.0
8020000e 8020000e        0     1                 
8020000e 8020000e       16     1                 memset
80200012 80200012        0     1                 
80200012 80200012        0     1                 
80200014 80200014        0     1                 
80200014 80200014        0     1                 .LBB0_2
80200014 80200014        0     1                 
80200018 80200018        0     1                 
80200018 80200018        0     1                 
8020001c 8020001c        0     1                 
8020001e 8020001e        0     1                 
8020001e 8020001e        0     1                 
80200022 80200022        0     1                 .LBB0_3
80200022 80200022        0     1                 
80200022 80200022        0     1                 
80200024 80200024        0     1                 
80200024 80200024        0     1                 
80200024 80200024        0     1                 
80200024 80200024        0     1                 
80200024 80200024        0     1                 
80200024 80200024        6     1                 sbi_call
80200028 80200028        0     1                 
80200028 80200028        0     1                 
8020002a 8020002a        0     1                 
8020002a 8020002a        0     1                 
8020002a 8020002a        0     1                 
8020002a 8020002a       14     1                 putchar
8020003c 8020003c        0     1                 
8020003c 8020003c        0     1                 
8020003e 8020003e        0     1                 
8020003e 8020003e        0     1                 
8020003e 8020003e        0     1                 
8020003e 8020003e       36     1                 kernel_main
80200046 80200046        0     1                 
8020004e 8020004e        0     1                 
8020005a 8020005a        0     1                 .LBB4_1
8020005a 8020005a        0     1                 
8020005a 8020005a        0     1                 
8020005e 8020005e        0     1                 
8020005e 8020005e        0     1                 
80200064 80200064        0     1                 
80200064 80200064        0     1                 
80200068 80200068        0     1                 
8020006a 8020006a        0     1                 
8020006e 8020006e        0     1                 
8020006e 8020006e        0     1                 .LBB4_2
8020006e 8020006e        0     1                 
80200072 80200072        0     1                 
80200074 80200074        0     1                 
80200074 80200074        0     1                 
80200074 80200074       10     4 .rodata
80200074 80200074       10     1         <internal>:(.rodata.str1.1)
80200084 80200084        0     4 .bss
80200084 80200084        0     1         __bss = .
80200084 80200084        0     1         __bss_end = .
80200084 80200084        0     1 . = ALIGN ( 4 )
80200084 80200084    20000     1 . += 128 * 1024
80220084 80220084        0     1 __stack_top = .
       0        0      11a     1 .debug_loc
       0        0      11a     1         /tmp/kernel-cd3999.o:(.debug_loc)
       0        0        0     1                 
       0        0        0     1                 $d.3
      3c       3c        0     1                 
      59       59        0     1                 
      74       74        0     1                 
      8f       8f        0     1                 
      aa       aa        0     1                 
      c7       c7        0     1                 
      e2       e2        0     1                 
      fd       fd        0     1                 
       0        0      198     1 .debug_abbrev
       0        0      198     1         /tmp/kernel-cd3999.o:(.debug_abbrev)
       0        0        0     1                 $d.4
       0        0      3c5     1 .debug_info
       0        0      3c5     1         /tmp/kernel-cd3999.o:(.debug_info)
       0        0        0     1                 $d.5
       0        0       20     1 .debug_ranges
       0        0       20     1         /tmp/kernel-cd3999.o:(.debug_ranges)
       0        0        0     1                 
       0        0        0     1                 $d.6
       0        0      12f     1 .debug_str
       0        0      12f     1         <internal>:(.debug_str)
       0        0       42     1 .comment
       0        0       42     1         <internal>:(.comment)
       0        0       2b     1 .riscv.attributes
       0        0       2b     1         <internal>:(.riscv.attributes)
       0        0       64     4 .debug_frame
       0        0       64     4         /tmp/kernel-cd3999.o:(.debug_frame)
       0        0        0     1                 
       0        0        0     1                 $d.10
       0        0       fb     1 .debug_line
       0        0       fb     1         /tmp/kernel-cd3999.o:(.debug_line)
       0        0        0     1                 .Lline_table_start0
       0        0        0     1                 $d.11
       0        0      7d0     4 .symtab
       0        0      7d0     4         <internal>:(.symtab)
       0        0       a0     1 .shstrtab
       0        0       a0     1         <internal>:(.shstrtab)
       0        0       8d     1 .strtab
       0        0       8d     1         <internal>:(.strtab)
