     VMA      LMA     Size Align Out     In      Symbol
       0        0 80200000     1 . = 0x80200000
80200000 80200000       4a     2 .text
80200000 80200000        e     2         /tmp/kernel-a29bac.o:(.text.boot)
80200000 80200000        0     1                 
80200000 80200000        0     1                 
80200000 80200000        0     1                 $x.1
80200000 80200000        0     1                 
80200000 80200000        e     1                 boot
8020000e 8020000e        0     1                 
8020000e 8020000e        0     1                 
8020000e 8020000e       3c     2         /tmp/kernel-a29bac.o:(.text)
8020000e 8020000e        0     1                 
8020000e 8020000e        0     1                 
8020000e 8020000e        0     1                 $x.0
8020000e 8020000e        0     1                 
8020000e 8020000e       16     1                 memset
80200012 80200012        0     1                 
80200012 80200012        0     1                 
80200014 80200014        0     1                 
80200014 80200014        0     1                 .LBB0_2
80200014 80200014        0     1                 
80200018 80200018        0     1                 
80200018 80200018        0     1                 
8020001c 8020001c        0     1                 
8020001e 8020001e        0     1                 
8020001e 8020001e        0     1                 
80200022 80200022        0     1                 .LBB0_3
80200022 80200022        0     1                 
80200022 80200022        0     1                 
80200024 80200024        0     1                 
80200024 80200024        0     1                 
80200024 80200024        0     1                 
80200024 80200024        0     1                 
80200024 80200024        0     1                 
80200024 80200024       26     1                 kernel_main
8020002c 8020002c        0     1                 
80200038 80200038        0     1                 
8020003a 8020003a        0     1                 
8020003a 8020003a        0     1                 .LBB1_1
8020003a 8020003a        0     1                 
8020003e 8020003e        0     1                 
8020003e 8020003e        0     1                 
80200042 80200042        0     1                 
80200044 80200044        0     1                 
80200044 80200044        0     1                 
80200048 80200048        0     1                 .LBB1_2
80200048 80200048        0     1                 
80200048 80200048        0     1                 
8020004a 8020004a        0     1                 
8020004a 8020004a        0     1                 
8020004c 8020004c        0     4 .bss
8020004c 8020004c        0     1         __bss = .
8020004c 8020004c        0     1         __bss_end = .
8020004c 8020004c        0     1 . = ALIGN ( 4 )
8020004c 8020004c    20000     1 . += 128 * 1024
8022004c 8022004c        0     1 __stack_top = .
       0        0       c2     1 .debug_loc
       0        0       c2     1         /tmp/kernel-a29bac.o:(.debug_loc)
       0        0        0     1                 
       0        0        0     1                 $d.2
      3c       3c        0     1                 
      59       59        0     1                 
      8a       8a        0     1                 
      a5       a5        0     1                 
       0        0       da     1 .debug_abbrev
       0        0       da     1         /tmp/kernel-a29bac.o:(.debug_abbrev)
       0        0        0     1                 $d.3
       0        0      121     1 .debug_info
       0        0      121     1         /tmp/kernel-a29bac.o:(.debug_info)
       0        0        0     1                 $d.4
       0        0       18     1 .debug_ranges
       0        0       18     1         /tmp/kernel-a29bac.o:(.debug_ranges)
       0        0        0     1                 
       0        0        0     1                 $d.5
       0        0       a9     1 .debug_str
       0        0       a9     1         <internal>:(.debug_str)
       0        0       42     1 .comment
       0        0       42     1         <internal>:(.comment)
       0        0       2b     1 .riscv.attributes
       0        0       2b     1         <internal>:(.riscv.attributes)
       0        0       44     4 .debug_frame
       0        0       44     4         /tmp/kernel-a29bac.o:(.debug_frame)
       0        0        0     1                 
       0        0        0     1                 $d.9
       0        0       a9     1 .debug_line
       0        0       a9     1         /tmp/kernel-a29bac.o:(.debug_line)
       0        0        0     1                 .Lline_table_start0
       0        0        0     1                 $d.10
       0        0      4f0     4 .symtab
       0        0      4f0     4         <internal>:(.symtab)
       0        0       98     1 .shstrtab
       0        0       98     1         <internal>:(.shstrtab)
       0        0       76     1 .strtab
       0        0       76     1         <internal>:(.strtab)
