     VMA      LMA     Size Align Out     In      Symbol
       0        0 80200000     1 . = 0x80200000
80200000 80200000      214     2 .text
80200000 80200000        e     2         /tmp/kernel-953d39.o:(.text.boot)
80200000 80200000        0     1                 
80200000 80200000        0     1                 
80200000 80200000        0     1                 $x.1
80200000 80200000        0     1                 
80200000 80200000        e     1                 boot
8020000e 8020000e        0     1                 
8020000e 8020000e        0     1                 
8020000e 8020000e       60     2         /tmp/kernel-953d39.o:(.text)
8020000e 8020000e        0     1                 
8020000e 8020000e        0     1                 
8020000e 8020000e        0     1                 $x.0
8020000e 8020000e        0     1                 
8020000e 8020000e       16     1                 memset
80200012 80200012        0     1                 
80200012 80200012        0     1                 
80200014 80200014        0     1                 
80200014 80200014        0     1                 .LBB0_2
80200014 80200014        0     1                 
80200018 80200018        0     1                 
80200018 80200018        0     1                 
8020001c 8020001c        0     1                 
8020001e 8020001e        0     1                 
8020001e 8020001e        0     1                 
80200022 80200022        0     1                 .LBB0_3
80200022 80200022        0     1                 
80200022 80200022        0     1                 
80200024 80200024        0     1                 
80200024 80200024        0     1                 
80200024 80200024        0     1                 
80200024 80200024        0     1                 
80200024 80200024        0     1                 
80200024 80200024        6     1                 sbi_call
80200028 80200028        0     1                 
80200028 80200028        0     1                 
8020002a 8020002a        0     1                 
8020002a 8020002a        0     1                 
8020002a 8020002a        0     1                 
8020002a 8020002a       14     1                 putchar
8020003c 8020003c        0     1                 
8020003c 8020003c        0     1                 
8020003e 8020003e        0     1                 
8020003e 8020003e        0     1                 
8020003e 8020003e        0     1                 
8020003e 8020003e       30     1                 kernel_main
80200042 80200042        0     1                 
80200054 80200054        0     1                 
80200054 80200054        0     1                 
80200068 80200068        0     1                 
80200068 80200068        0     1                 .LBB4_1
80200068 80200068        0     1                 
8020006c 8020006c        0     1                 
8020006e 8020006e        0     1                 
8020006e 8020006e        0     1                 
8020006e 8020006e      1a6     2         /tmp/common-f03145.o:(.text)
8020006e 8020006e        0     1                 
8020006e 8020006e        0     1                 
8020006e 8020006e        0     1                 $x.0
8020006e 8020006e        0     1                 
8020006e 8020006e      1a6     1                 printf
8020009c 8020009c        0     1                 
802000c4 802000c4        0     1                 .LBB0_1
802000c4 802000c4        0     1                 
802000c8 802000c8        0     1                 .LBB0_2
802000c8 802000c8        0     1                 
802000ca 802000ca        0     1                 .LBB0_3
802000ca 802000ca        0     1                 
802000ce 802000ce        0     1                 
802000d6 802000d6        0     1                 .LBB0_5
802000d6 802000d6        0     1                 
802000d8 802000d8        0     1                 
802000d8 802000d8        0     1                 
802000da 802000da        0     1                 
802000dc 802000dc        0     1                 .LBB0_6
802000dc 802000dc        0     1                 
802000e0 802000e0        0     1                 
802000e2 802000e2        0     1                 
802000f2 802000f2        0     1                 
802000f2 802000f2        0     1                 
802000fe 802000fe        0     1                 
802000fe 802000fe        0     1                 
80200102 80200102        0     1                 
80200102 80200102        0     1                 
80200104 80200104        0     1                 
8020010a 8020010a        0     1                 .LBB0_11
8020010a 8020010a        0     1                 
8020010a 8020010a        0     1                 
80200112 80200112        0     1                 
80200112 80200112        0     1                 
8020011c 8020011c        0     1                 
8020011c 8020011c        0     1                 
80200120 80200120        0     1                 
80200120 80200120        0     1                 
80200122 80200122        0     1                 
80200126 80200126        0     1                 
80200128 80200128        0     1                 
80200128 80200128        0     1                 
8020012e 8020012e        0     1                 
8020012e 8020012e        0     1                 
80200130 80200130        0     1                 
80200134 80200134        0     1                 
80200136 80200136        0     1                 
80200136 80200136        0     1                 
8020013c 8020013c        0     1                 
8020013c 8020013c        0     1                 
8020013e 8020013e        0     1                 
80200142 80200142        0     1                 
80200144 80200144        0     1                 
80200144 80200144        0     1                 
8020014a 8020014a        0     1                 
8020014a 8020014a        0     1                 
8020014c 8020014c        0     1                 
80200150 80200150        0     1                 
80200152 80200152        0     1                 
80200152 80200152        0     1                 
80200158 80200158        0     1                 
80200158 80200158        0     1                 
8020015a 8020015a        0     1                 
8020015e 8020015e        0     1                 
80200160 80200160        0     1                 
80200160 80200160        0     1                 
80200166 80200166        0     1                 
80200166 80200166        0     1                 
80200168 80200168        0     1                 
8020016c 8020016c        0     1                 
8020016e 8020016e        0     1                 
8020016e 8020016e        0     1                 
80200174 80200174        0     1                 
80200174 80200174        0     1                 
80200176 80200176        0     1                 
8020017a 8020017a        0     1                 
8020017c 8020017c        0     1                 
8020017c 8020017c        0     1                 
8020017e 8020017e        0     1                 
8020017e 8020017e        0     1                 
80200180 80200180        0     1                 
80200184 80200184        0     1                 
80200184 80200184        0     1                 
80200186 80200186        0     1                 
80200186 80200186        0     1                 
80200188 80200188        0     1                 
8020018a 8020018a        0     1                 .LBB0_14
8020018a 8020018a        0     1                 
8020018a 8020018a        0     1                 
80200194 80200194        0     1                 
80200194 80200194        0     1                 
80200198 80200198        0     1                 
8020019e 8020019e        0     1                 
8020019e 8020019e        0     1                 .LBB0_16
8020019e 8020019e        0     1                 
802001a4 802001a4        0     1                 
802001a4 802001a4        0     1                 
802001a8 802001a8        0     1                 
802001aa 802001aa        0     1                 
802001ae 802001ae        0     1                 .LBB0_17
802001ae 802001ae        0     1                 
802001ae 802001ae        0     1                 
802001b4 802001b4        0     1                 
802001b4 802001b4        0     1                 
802001b8 802001b8        0     1                 
802001b8 802001b8        0     1                 
802001ba 802001ba        0     1                 
802001be 802001be        0     1                 .LBB0_18
802001be 802001be        0     1                 
802001c0 802001c0        0     1                 
802001c0 802001c0        0     1                 .LBB0_19
802001c0 802001c0        0     1                 
802001c4 802001c4        0     1                 
802001c8 802001c8        0     1                 
802001cc 802001cc        0     1                 .LBB0_20
802001cc 802001cc        0     1                 
802001cc 802001cc        0     1                 
802001ce 802001ce        0     1                 
802001ce 802001ce        0     1                 
802001d2 802001d2        0     1                 
802001d6 802001d6        0     1                 
802001dc 802001dc        0     1                 
802001dc 802001dc        0     1                 
802001e4 802001e4        0     1                 
802001ea 802001ea        0     1                 
802001ea 802001ea        0     1                 
802001f0 802001f0        0     1                 .LBB0_21
802001f0 802001f0        0     1                 
802001f0 802001f0        0     1                 
802001f6 802001f6        0     1                 .LBB0_22
802001f6 802001f6        0     1                 
802001f6 802001f6        0     1                 
802001fa 802001fa        0     1                 
80200210 80200210        0     1                 
80200214 80200214        0     1                 
80200214 80200214        0     1                 
80200214 80200214       34     4 .rodata
80200214 80200214       34     1         <internal>:(.rodata.str1.1)
80200248 80200248        0     4 .bss
80200248 80200248        0     1         __bss = .
80200248 80200248        0     1         __bss_end = .
80200248 80200248        0     1 . = ALIGN ( 4 )
80200248 80200248    20000     1 . += 128 * 1024
80220248 80220248        0     1 __stack_top = .
       0        0      27d     1 .debug_loc
       0        0       c7     1         /tmp/kernel-953d39.o:(.debug_loc)
       0        0        0     1                 
       0        0        0     1                 $d.3
      3c       3c        0     1                 
      59       59        0     1                 
      74       74        0     1                 
      8f       8f        0     1                 
      aa       aa        0     1                 
      c7       c7      1b6     1         /tmp/common-f03145.o:(.debug_loc)
      c7       c7        0     1                 
      c7       c7        0     1                 $d.2
      e5       e5        0     1                 
     103      103        0     1                 
     121      121        0     1                 
     162      162        0     1                 
     1df      1df        0     1                 
     1f2      1f2        0     1                 
     252      252        0     1                 
       0        0      293     1 .debug_abbrev
       0        0      1a6     1         /tmp/kernel-953d39.o:(.debug_abbrev)
       0        0        0     1                 $d.4
     1a6      1a6       ed     1         /tmp/common-f03145.o:(.debug_abbrev)
     1a6      1a6        0     1                 $d.3
       0        0      514     1 .debug_info
       0        0      350     1         /tmp/kernel-953d39.o:(.debug_info)
       0        0        0     1                 $d.5
     350      350      1c4     1         /tmp/common-f03145.o:(.debug_info)
     350      350        0     1                 $d.4
       0        0       38     1 .debug_ranges
       0        0       20     1         /tmp/kernel-953d39.o:(.debug_ranges)
       0        0        0     1                 
       0        0        0     1                 $d.6
      20       20       18     1         /tmp/common-f03145.o:(.debug_ranges)
      20       20        0     1                 
      20       20        0     1                 $d.5
       0        0      178     1 .debug_str
       0        0      178     1         <internal>:(.debug_str)
       0        0       42     1 .comment
       0        0       42     1         <internal>:(.comment)
       0        0       2b     1 .riscv.attributes
       0        0       2b     1         <internal>:(.riscv.attributes)
       0        0       b0     4 .debug_frame
       0        0       6c     4         /tmp/kernel-953d39.o:(.debug_frame)
       0        0        0     1                 
       0        0        0     1                 $d.10
      6c       6c       44     4         /tmp/common-f03145.o:(.debug_frame)
      6c       6c        0     1                 
      6c       6c        0     1                 $d.9
       0        0      354     1 .debug_line
       0        0       eb     1         /tmp/kernel-953d39.o:(.debug_line)
       0        0        0     1                 .Lline_table_start0
       0        0        0     1                 $d.11
      eb       eb      269     1         /tmp/common-f03145.o:(.debug_line)
      eb       eb        0     1                 .Lline_table_start0
      eb       eb        0     1                 $d.10
       0        0     1130     4 .symtab
       0        0     1130     4         <internal>:(.symtab)
       0        0       a0     1 .shstrtab
       0        0       a0     1         <internal>:(.shstrtab)
       0        0       d5     1 .strtab
       0        0       d5     1         <internal>:(.strtab)
